PASS WR-05a backslash next does not leave the origin
PASS WR-05b tab next does not leave the origin
PASS WR-05c legitimate locale next is kept
PASS WR-09a forged status=success never renders connected
PASS WR-09b user_cancelled renders the neutral cancellation
PASS WR-09c an unknown provider name is never echoed
PASS WR-12 logout clears nuova_refresh on its own path
PASS WR-19 cross-origin login POST is refused
PASS W2-01 CRM catalog: 9 entries, only built-in and Google Sheets selectable
PASS W2-02 backend note is never passed to the browser
PASS W2-03 an external CRM cannot be selected as connected
PASS W2-04 an unavailable CRM cannot register interest
PASS W2-05 a provider outside the catalog is refused
PASS W2-06 CRM choice requires a session
PASS W1-01 inverted opening hours are refused with the field named
PASS W1-02 an unknown time zone is refused
PASS W1-03 an invalid tax number is refused before any call
PASS W1-04 a non-https legal link is refused
PASS W1-05 switching off the callback fallback is refused (no request may be dropped)
PASS W1-06 SVG and files over 5 MB are refused before any upload URL exists
PASS W1-07 branding commit requires a session
PASS W1-13 Google Sheets cannot be chosen server-side without the notice acknowledged first
PASS W1-14 GIF is refused (v2 accepts PNG, JPEG, WebP)
PASS W1-08 an acknowledgement of an unknown notice version is refused
PASS W1-09 setting a password without a verified invite link is refused
PASS W1-10 cross-origin onboarding writes are refused
PASS W1-11 the onboarding read carries no tenant id
PASS W1-12 readiness is served as gate states from the readiness contract shape
PASS WR-21 sitemap does not advertise unreviewed legal placeholders
PASS QA-01 a question over 4000 characters is refused before sending
PASS WR-06 with VERCEL_ENV=production no stub session or stub account can be created
PASS B1-a onboarding has an h1 and the CRM choice with exactly the two selectable options
PASS B1-b stub band visible on the onboarding surface
PASS WR-11 no raw backend key is rendered
PASS WR-22 no percentage number on onboarding
PASS B1-c no horizontal overflow at 390 px
PASS W2-09 Sheets shows the DRAFT notice above the button, no open slot rendered, save blocked until acknowledged
PASS W2-07 choice saved, and a reload shows the same choice
PASS W2-10 Google Sheets reads 'chosen, not connected', never 'connected'
PASS W2-08 naming HubSpot records interest only, with the built-in CRM kept
PASS B8-a fresh profile: legal fields missing, agency name shown as text fallback on both previews, gates blocked
PASS B8-f dark-variant upload shows on the dark preview; without it, the contrast flag puts the logo on a light chip
PASS B8-b business, legal, logo and calendar each save and show the read-back state
PASS B8-c after reload: every saved value is back, logo on light and dark previews
PASS B8-d readiness follows the saved data: legal and hours ready, the AI notice gate still blocks, not activatable
PASS B8-e no horizontal overflow at 390 px with the setup sections
PASS B10 sign-up leads to the registration step, and registering opens the agency setup
PASS B9-a the invite fragment is removed from the address bar and the set-password form appears
PASS B9-b setting the password opens the onboarding with a session
PASS B9-c an expired link says so and offers login, no form
PASS WR-17a opening the Q&A panel moves focus into it
PASS WR-07/08 question accepted (202), polled, and the answer rendered
PASS WR-17b Escape returns focus to the launcher
PASS B5 Spanish onboarding renders Spanish step titles
PASS WR-15 no horizontal overflow at 360 px on /es/platform/crm
PASS WR-04 no forbidden claim wording on ten public pages, EN and ES
PASS QA-02 every POST passed the ingress contract (signature, freshness, nonce, tenant, session_id, only contract fields)
PASS QA-03 result polls were signed over the canonical query and resolved pending then answered

58 passed, 0 failed -> C:\Users\Usuario\AppData\Local\Temp\rv6fb\docs\website_redesign\evidence_2026-09-21\e2e-results.json
